../Drivers/CMSIS/Include/core_cm7.h:2147:34:__NVIC_SystemReset	4	static,ignoring_inline_asm
../Drivers/STM32F7xx_HAL_Driver/Inc/stm32f7xx_ll_iwdg.h:141:22:LL_IWDG_Enable	16	static
../Drivers/STM32F7xx_HAL_Driver/Inc/stm32f7xx_ll_iwdg.h:152:22:LL_IWDG_ReloadCounter	16	static
../Drivers/STM32F7xx_HAL_Driver/Inc/stm32f7xx_ll_iwdg.h:163:22:LL_IWDG_EnableWriteAccess	16	static
../Drivers/STM32F7xx_HAL_Driver/Inc/stm32f7xx_ll_iwdg.h:193:22:LL_IWDG_SetPrescaler	16	static
../Drivers/STM32F7xx_HAL_Driver/Inc/stm32f7xx_ll_iwdg.h:223:22:LL_IWDG_SetReloadCounter	16	static
../Drivers/STM32F7xx_HAL_Driver/Inc/stm32f7xx_ll_iwdg.h:311:26:LL_IWDG_IsReady	16	static
../Dev/App/wdg/wdg.c:45:9:wdg_init	8	static
../Dev/App/wdg/wdg.c:51:9:wdg_register	24	static
../Dev/App/wdg/wdg.c:64:9:wdg_unregister	24	static
../Dev/App/wdg/wdg.c:76:9:wdg_feed	16	static
../Dev/App/wdg/wdg.c:84:9:wdg_register_triggered_cb	16	static
../Dev/App/wdg/wdg.c:89:6:wdg_start_init_hdw_wdg	4	static
../Dev/App/wdg/wdg.c:95:6:wdg_init_successful	4	static
../Dev/App/wdg/wdg.c:100:9:wdg_start_hdw_wdg	24	static
../Dev/App/wdg/wdg.c:139:6:wdg_feed_hdw	8	static
../Dev/App/wdg/wdg.c:145:6:wdg_update	24	static,ignoring_inline_asm
../Dev/App/wdg/wdg.c:198:6:update_no_init_vars	16	static
../Dev/App/wdg/wdg.c:208:6:validate_no_init_vars	8	static
../Dev/App/wdg/wdg.c:223:9:System_On_Bootloader_Reset	8	static,ignoring_inline_asm
