../Dev/App/min_shell/min_shell_command.c:50:13:MIN_Handler_PLEASE_RESET_CMD	24	static
../Dev/App/min_shell/min_shell_command.c:57:13:MIN_Handler_TEST_CONNECTION_CMD	32	static
../Dev/App/min_shell/min_shell_command.c:64:13:MIN_Handler_SET_WORKING_RTC_CMD	40	static
../Dev/App/min_shell/min_shell_command.c:79:13:MIN_Handler_SET_NTC_CONTROL_CMD	32	static
../Dev/App/min_shell/min_shell_command.c:88:13:MIN_Handler_SET_TEMP_PROFILE_CMD	136	static
../Dev/App/min_shell/min_shell_command.c:152:13:MIN_Handler_START_TEMP_PROFILE_CMD	32	static
../Dev/App/min_shell/min_shell_command.c:164:13:MIN_Handler_STOP_TEMP_PROFILE_CMD	32	static
../Dev/App/min_shell/min_shell_command.c:176:13:MIN_Handler_SET_OVERRIDE_TEC_PROFILE_CMD	56	static
../Dev/App/min_shell/min_shell_command.c:238:13:MIN_Handler_START_OVERRIDE_TEC_PROFILE_CMD	32	static
../Dev/App/min_shell/min_shell_command.c:250:13:MIN_Handler_STOP_OVERRIDE_TEC_PROFILE_CMD	32	static
../Dev/App/min_shell/min_shell_command.c:262:13:MIN_Handler_SET_PDA_PROFILE_CMD	128	static
../Dev/App/min_shell/min_shell_command.c:335:13:MIN_Handler_SET_LASER_INTENSITY_CMD	48	static
../Dev/App/min_shell/min_shell_command.c:370:13:MIN_Handler_SET_POSITION_CMD	48	static
../Dev/App/min_shell/min_shell_command.c:403:13:MIN_Handler_START_SAMPLE_CYCLE_CMD	32	static
../Dev/App/min_shell/min_shell_command.c:420:13:MIN_Handler_GET_INFO_SAMPLE_CMD	48	static
../Dev/App/min_shell/min_shell_command.c:443:13:MIN_Handler_GET_CHUNK_CMD	56	static
../Dev/App/min_shell/min_shell_command.c:475:13:MIN_Handler_GET_CHUNK_CRC_CMD	32	static
../Dev/App/min_shell/min_shell_command.c:488:13:MIN_Handler_GET_LASER_CURRENT_DATA_CMD	32	static
../Dev/App/min_shell/min_shell_command.c:498:13:MIN_Handler_GET_LASER_CURRENT_CRC_CMD	32	static
../Dev/App/min_shell/min_shell_command.c:511:13:MIN_Handler_MANUAL_SET_LASER_INTENSITY_CMD	32	static
../Dev/App/min_shell/min_shell_command.c:531:13:MIN_Handler_MANUAL_TURN_ON_LASER_CMD	32	static
../Dev/App/min_shell/min_shell_command.c:555:13:MIN_Handler_MANUAL_TURN_OFF_LASER_CMD	32	static
../Dev/App/min_shell/min_shell_command.c:567:13:MIN_Handler_GET_LASER_CURRENT_CMD	40	static
../Dev/App/min_shell/min_shell_command.c:579:13:MIN_Handler_GET_LOG_CMD	32	static
../Dev/App/min_shell/min_shell_command.c:634:22:MIN_GetCommandTable	4	static
../Dev/App/min_shell/min_shell_command.c:639:5:MIN_GetCommandTableSize	4	static
