../Drivers/STM32F7xx_HAL_Driver/Inc/stm32f7xx_ll_gpio.h:881:22:LL_GPIO_SetOutputPin	16	static
../Drivers/STM32F7xx_HAL_Driver/Inc/stm32f7xx_ll_gpio.h:910:22:LL_GPIO_ResetOutputPin	16	static
../Dev/App/min_shell/min_shell.c:51:6:MIN_Context_Init	16	static
../Dev/App/min_shell/min_shell.c:65:6:MIN_ReInit	16	static
../Dev/App/min_shell/min_shell.c:73:6:MIN_RegisterTimeoutCallback	16	static
../Dev/App/min_shell/min_shell.c:78:6:MIN_App_Poll	32	static
../Dev/App/min_shell/min_shell.c:103:6:MIN_Timeout_Handler	16	static
../Dev/App/min_shell/min_shell.c:108:6:min_shell_stdio_init	8	static
../Dev/App/min_shell/min_shell.c:116:13:min_shell_task_init	16	static
../Dev/App/min_shell/min_shell.c:130:13:min_shell_task_dispatch	24	static
../Dev/App/min_shell/min_shell.c:143:13:min_shell_task_ctor	24	static
../Dev/App/min_shell/min_shell.c:158:6:min_shell_task_ctor_singleton	48	static
../Dev/App/min_shell/min_shell.c:173:6:min_shell_task_start	16	static
../Dev/App/min_shell/min_shell.c:178:16:min_shell_state_process_handler	16	static
../Dev/App/min_shell/min_shell.c:235:10:min_shell_busy_set	32	static
../Dev/App/min_shell/min_shell.c:242:10:min_shell_busy_clear	32	static
../Dev/App/min_shell/min_shell.c:249:10:min_shell_triger_reset	16	static
../Dev/App/min_shell/min_shell.c:261:10:min_tx_space	16	static
../Dev/App/min_shell/min_shell.c:270:6:min_tx_byte	16	static
../Dev/App/min_shell/min_shell.c:278:10:min_time_ms	8	static
../Dev/App/min_shell/min_shell.c:287:6:MIN_RegisterResponseHandler	16	static
../Dev/App/min_shell/min_shell.c:292:6:min_application_handler	32	static
../Dev/App/min_shell/min_shell.c:316:6:MIN_Send	24	static
../Dev/App/min_shell/min_shell.c:322:6:UART7_IRQHandler	8	static
