../Drivers/STM32F7xx_HAL_Driver/Inc/stm32f7xx_ll_gpio.h:881:22:LL_GPIO_SetOutputPin	16	static
../Drivers/STM32F7xx_HAL_Driver/Inc/stm32f7xx_ll_gpio.h:910:22:LL_GPIO_ResetOutputPin	16	static
../Dev/App/min_shell/min_shell.c:49:6:MIN_Context_Init	16	static
../Dev/App/min_shell/min_shell.c:63:6:MIN_ReInit	16	static
../Dev/App/min_shell/min_shell.c:71:6:MIN_RegisterTimeoutCallback	16	static
../Dev/App/min_shell/min_shell.c:76:6:MIN_App_Poll	32	static
../Dev/App/min_shell/min_shell.c:101:6:MIN_Timeout_Handler	16	static
../Dev/App/min_shell/min_shell.c:106:6:min_shell_stdio_init	8	static
../Dev/App/min_shell/min_shell.c:114:13:min_shell_task_init	16	static
../Dev/App/min_shell/min_shell.c:128:13:min_shell_task_dispatch	24	static
../Dev/App/min_shell/min_shell.c:141:13:min_shell_task_ctor	24	static
../Dev/App/min_shell/min_shell.c:156:6:min_shell_task_ctor_singleton	48	static
../Dev/App/min_shell/min_shell.c:171:6:min_shell_task_start	16	static
../Dev/App/min_shell/min_shell.c:176:16:min_shell_state_process_handler	32	static
../Dev/App/min_shell/min_shell.c:222:10:min_shell_busy_set	32	static
../Dev/App/min_shell/min_shell.c:229:10:min_shell_busy_clear	32	static
../Dev/App/min_shell/min_shell.c:236:10:min_shell_triger_reset	16	static
../Dev/App/min_shell/min_shell.c:248:10:min_tx_space	16	static
../Dev/App/min_shell/min_shell.c:257:6:min_tx_byte	16	static
../Dev/App/min_shell/min_shell.c:265:10:min_time_ms	8	static
../Dev/App/min_shell/min_shell.c:274:6:MIN_RegisterResponseHandler	16	static
../Dev/App/min_shell/min_shell.c:279:6:min_application_handler	32	static
../Dev/App/min_shell/min_shell.c:303:6:MIN_Send	24	static
../Dev/App/min_shell/min_shell.c:309:6:UART7_IRQHandler	8	static
