../Dev/App/temperature_control/temperature_control.c:56:13:temperature_control_task_init	16	static
../Dev/App/temperature_control/temperature_control.c:79:13:temperature_control_task_dispatch	24	static
../Dev/App/temperature_control/temperature_control.c:89:6:temperature_control_task_ctor	32	static
../Dev/App/temperature_control/temperature_control.c:106:6:temperature_control_task_singleton_ctor	56	static
../Dev/App/temperature_control/temperature_control.c:118:6:temperature_control_task_start	16	static
../Dev/App/temperature_control/temperature_control.c:123:16:temperature_control_state_manual_handler	24	static
../Dev/App/temperature_control/temperature_control.c:191:16:temperature_control_state_cooling_handler	24	static
../Dev/App/temperature_control/temperature_control.c:256:16:temperature_control_state_wait_heat_handler	24	static
../Dev/App/temperature_control/temperature_control.c:331:16:temperature_control_state_heating_heater_handler	24	static
../Dev/App/temperature_control/temperature_control.c:394:16:temperature_control_state_wait_cool_handler	24	static
../Dev/App/temperature_control/temperature_control.c:470:16:temperature_control_state_ntc_error_handler	24	static
../Dev/App/temperature_control/temperature_control.c:538:10:temperature_control_man_mode_set	40	static
../Dev/App/temperature_control/temperature_control.c:546:10:temperature_control_auto_mode_set	40	static
../Dev/App/temperature_control/temperature_control.c:555:6:temperature_control_power_control	16	static
../Dev/App/temperature_control/temperature_control.c:568:6:temperature_control_is_powered_on	16	static
../Dev/App/temperature_control/temperature_control.c:574:6:temperature_control_auto_tec_init_all	24	static
../Dev/App/temperature_control/temperature_control.c:587:10:temperature_control_tec_init	24	static
../Dev/App/temperature_control/temperature_control.c:597:6:temperature_control_auto_tec_set_output	32	static
../Dev/App/temperature_control/temperature_control.c:612:10:temperature_control_auto_tec_get_output	16	static
../Dev/App/temperature_control/temperature_control.c:618:10:temperature_control_profile_tec_register	16	static
../Dev/App/temperature_control/temperature_control.c:625:10:temperature_control_profile_tec_unregister	16	static
../Dev/App/temperature_control/temperature_control.c:632:9:temperature_control_profile_tec_get	16	static
../Dev/App/temperature_control/temperature_control.c:638:10:temperature_control_profile_heater_duty_set	16	static
../Dev/App/temperature_control/temperature_control.c:645:9:temperature_control_profile_heater_duty_get	16	static
../Dev/App/temperature_control/temperature_control.c:651:10:temperature_control_profile_heater_register	16	static
../Dev/App/temperature_control/temperature_control.c:658:10:temperature_control_profile_heater_unregister	16	static
../Dev/App/temperature_control/temperature_control.c:665:9:temperature_control_profile_heater_profile_get	16	static
../Dev/App/temperature_control/temperature_control.c:671:6:temperature_control_profile_setpoint_set	16	static
../Dev/App/temperature_control/temperature_control.c:675:9:temperature_control_profile_setpoint_get	16	static
../Dev/App/temperature_control/temperature_control.c:681:10:temperature_control_profile_ntc_register	16	static
../Dev/App/temperature_control/temperature_control.c:689:6:temperature_control_profile_ntc_get	16	static
../Dev/App/temperature_control/temperature_control.c:696:6:temperature_control_profile_temp_lim_set	16	static
../Dev/App/temperature_control/temperature_control.c:701:6:temperature_control_profile_temp_lim_get	16	static
../Dev/App/temperature_control/temperature_control.c:708:6:temperature_control_auto_tec_enable_output	24	static
../Dev/App/temperature_control/temperature_control.c:716:6:temperature_control_auto_tec_disable_output	24	static
../Dev/App/temperature_control/temperature_control.c:726:6:temperature_control_auto_heater_enable_output	24	static
../Dev/App/temperature_control/temperature_control.c:735:6:temperature_control_auto_heater_disable_output	24	static
../Dev/App/temperature_control/temperature_control.c:745:10:temperature_control_profile_set_auto_recover	16	static
../Dev/App/temperature_control/temperature_control.c:751:10:temperature_control_profile_get_auto_recover	16	static
../Dev/App/temperature_control/temperature_control.c:757:10:temperature_profile_tec_ovr_register	16	static
../Dev/App/temperature_control/temperature_control.c:765:10:temperature_profile_tec_ovr_voltage_set	16	static
../Dev/App/temperature_control/temperature_control.c:771:10:temperature_profile_tec_ovr_enable	72	static
../Dev/App/temperature_control/temperature_control.c:790:10:temperature_profile_tec_ovr_disable	24	static
../Dev/App/temperature_control/temperature_control.c:800:9:temperature_profile_tec_ovr_get	16	static
../Dev/App/temperature_control/temperature_control.c:805:10:temperature_profile_tec_ovr_get_voltage	16	static
../Dev/App/temperature_control/temperature_control.c:812:6:temperature_control_is_in_man_state	16	static
../Dev/App/temperature_control/temperature_control.c:816:10:temperature_control_tec_manual_set_output	80	static
../Dev/App/temperature_control/temperature_control.c:828:10:temperature_control_tec_enable_output	32	static
../Dev/App/temperature_control/temperature_control.c:836:10:temperature_control_profile_tec_voltage_set	16	static
../Dev/App/temperature_control/temperature_control.c:843:10:temperature_control_profile_tec_voltage_get	16	static
../Dev/App/temperature_control/temperature_control.c:849:10:temperature_control_set_profile	24	static
