../Dev/App/temperature_control/temperature_control.c:84:13:temperature_control_task_init	16	static
../Dev/App/temperature_control/temperature_control.c:144:13:temperature_control_task_dispatch	24	static
../Dev/App/temperature_control/temperature_control.c:154:6:temperature_control_task_ctor	32	static
../Dev/App/temperature_control/temperature_control.c:165:6:temperature_control_task_singleton_ctor	56	static
../Dev/App/temperature_control/temperature_control.c:177:6:temperature_control_task_start	16	static
../Dev/App/temperature_control/temperature_control.c:182:16:temperature_control_default_handler	16	static
../Dev/App/temperature_control/temperature_control.c:197:16:temperature_control_state_manual_handler	24	static
../Dev/App/temperature_control/temperature_control.c:265:16:temperature_control_state_cooling_handler	24	static
../Dev/App/temperature_control/temperature_control.c:330:16:temperature_control_state_wait_heat_handler	24	static
../Dev/App/temperature_control/temperature_control.c:405:16:temperature_control_state_heating_heater_handler	24	static
../Dev/App/temperature_control/temperature_control.c:468:16:temperature_control_state_wait_cool_handler	24	static
../Dev/App/temperature_control/temperature_control.c:544:16:temperature_control_state_ntc_error_handler	24	static
../Dev/App/temperature_control/temperature_control.c:612:10:temperature_control_man_mode_set	40	static
../Dev/App/temperature_control/temperature_control.c:623:10:temperature_control_auto_mode_set	40	static
../Dev/App/temperature_control/temperature_control.c:635:6:temperature_control_power_control	16	static
../Dev/App/temperature_control/temperature_control.c:648:6:temperature_control_is_powered_on	16	static
../Dev/App/temperature_control/temperature_control.c:654:6:temperature_control_auto_tec_init_all	24	static
../Dev/App/temperature_control/temperature_control.c:667:10:temperature_control_tec_init	24	static
../Dev/App/temperature_control/temperature_control.c:677:6:temperature_control_auto_tec_set_output	32	static
../Dev/App/temperature_control/temperature_control.c:692:10:temperature_control_auto_tec_get_output	16	static
../Dev/App/temperature_control/temperature_control.c:698:10:temperature_control_profile_tec_register	16	static
../Dev/App/temperature_control/temperature_control.c:707:10:temperature_control_profile_tec_unregister	16	static
../Dev/App/temperature_control/temperature_control.c:716:9:temperature_control_profile_tec_get	16	static
../Dev/App/temperature_control/temperature_control.c:722:10:temperature_control_profile_heater_duty_set	16	static
../Dev/App/temperature_control/temperature_control.c:731:9:temperature_control_profile_heater_duty_get	16	static
../Dev/App/temperature_control/temperature_control.c:737:10:temperature_control_profile_heater_register	16	static
../Dev/App/temperature_control/temperature_control.c:746:10:temperature_control_profile_heater_unregister	16	static
../Dev/App/temperature_control/temperature_control.c:755:9:temperature_control_profile_heater_profile_get	16	static
../Dev/App/temperature_control/temperature_control.c:761:6:temperature_control_profile_setpoint_set	16	static
../Dev/App/temperature_control/temperature_control.c:766:9:temperature_control_profile_setpoint_get	16	static
../Dev/App/temperature_control/temperature_control.c:772:10:temperature_control_profile_ntc_register	16	static
../Dev/App/temperature_control/temperature_control.c:783:6:temperature_control_profile_ntc_get	16	static
../Dev/App/temperature_control/temperature_control.c:790:6:temperature_control_profile_temp_lim_set	16	static
../Dev/App/temperature_control/temperature_control.c:796:6:temperature_control_profile_temp_lim_get	16	static
../Dev/App/temperature_control/temperature_control.c:803:6:temperature_control_auto_tec_enable_output	24	static
../Dev/App/temperature_control/temperature_control.c:811:6:temperature_control_auto_tec_disable_output	24	static
../Dev/App/temperature_control/temperature_control.c:821:6:temperature_control_auto_heater_enable_output	24	static
../Dev/App/temperature_control/temperature_control.c:830:6:temperature_control_auto_heater_disable_output	24	static
../Dev/App/temperature_control/temperature_control.c:840:10:temperature_control_profile_set_auto_recover	16	static
../Dev/App/temperature_control/temperature_control.c:849:10:temperature_control_profile_get_auto_recover	16	static
../Dev/App/temperature_control/temperature_control.c:855:10:temperature_profile_tec_ovr_register	16	static
../Dev/App/temperature_control/temperature_control.c:866:10:temperature_profile_tec_ovr_voltage_set	16	static
../Dev/App/temperature_control/temperature_control.c:875:10:temperature_profile_tec_ovr_enable	72	static
../Dev/App/temperature_control/temperature_control.c:894:10:temperature_profile_tec_ovr_disable	24	static
../Dev/App/temperature_control/temperature_control.c:904:9:temperature_profile_tec_ovr_get	16	static
../Dev/App/temperature_control/temperature_control.c:909:10:temperature_profile_tec_ovr_get_voltage	16	static
../Dev/App/temperature_control/temperature_control.c:916:6:temperature_control_is_in_man_state	16	static
../Dev/App/temperature_control/temperature_control.c:920:10:temperature_control_tec_manual_set_output	80	static
../Dev/App/temperature_control/temperature_control.c:932:10:temperature_control_tec_enable_output	32	static
../Dev/App/temperature_control/temperature_control.c:940:10:temperature_control_profile_tec_voltage_set	16	static
../Dev/App/temperature_control/temperature_control.c:949:10:temperature_control_profile_tec_voltage_get	16	static
../Dev/App/temperature_control/temperature_control.c:955:10:temperature_control_set_profile	24	static
../Dev/App/temperature_control/temperature_control.c:979:13:temp_ctrl_update_profile	16	static
../Dev/App/temperature_control/temperature_control.c:1014:13:temp_ctrl_validate_profile	8	static
