../Drivers/STM32F7xx_HAL_Driver/Inc/stm32f7xx_ll_adc.h:3822:22:LL_ADC_Enable	16	static
../Drivers/STM32F7xx_HAL_Driver/Inc/stm32f7xx_ll_adc.h:3873:22:LL_ADC_REG_StartConversionSWStart	16	static
../Drivers/STM32F7xx_HAL_Driver/Inc/stm32f7xx_ll_dma.h:497:22:LL_DMA_EnableStream	16	static
../Drivers/STM32F7xx_HAL_Driver/Inc/stm32f7xx_ll_dma.h:517:22:LL_DMA_DisableStream	16	static
../Drivers/STM32F7xx_HAL_Driver/Inc/stm32f7xx_ll_dma.h:537:26:LL_DMA_IsEnabledStream	16	static
../Drivers/STM32F7xx_HAL_Driver/Inc/stm32f7xx_ll_dma.h:646:22:LL_DMA_SetMode	24	static
../Drivers/STM32F7xx_HAL_Driver/Inc/stm32f7xx_ll_dma.h:693:22:LL_DMA_SetPeriphIncMode	24	static
../Drivers/STM32F7xx_HAL_Driver/Inc/stm32f7xx_ll_dma.h:738:22:LL_DMA_SetMemoryIncMode	24	static
../Drivers/STM32F7xx_HAL_Driver/Inc/stm32f7xx_ll_dma.h:784:22:LL_DMA_SetPeriphSize	24	static
../Drivers/STM32F7xx_HAL_Driver/Inc/stm32f7xx_ll_dma.h:831:22:LL_DMA_SetMemorySize	24	static
../Drivers/STM32F7xx_HAL_Driver/Inc/stm32f7xx_ll_dma.h:971:22:LL_DMA_SetDataLength	24	static
../Drivers/STM32F7xx_HAL_Driver/Inc/stm32f7xx_ll_dma.h:1459:22:LL_DMA_SetMemoryAddress	24	static
../Drivers/STM32F7xx_HAL_Driver/Inc/stm32f7xx_ll_dma.h:1482:22:LL_DMA_SetPeriphAddress	24	static
../Drivers/STM32F7xx_HAL_Driver/Inc/stm32f7xx_ll_dma.h:2609:22:LL_DMA_EnableIT_TC	16	static
../Drivers/STM32F7xx_HAL_Driver/Inc/stm32f7xx_ll_spi.h:371:22:LL_SPI_Enable	16	static
../Drivers/STM32F7xx_HAL_Driver/Inc/stm32f7xx_ll_spi.h:383:22:LL_SPI_Disable	16	static
../Drivers/STM32F7xx_HAL_Driver/Inc/stm32f7xx_ll_spi.h:468:22:LL_SPI_SetClockPhase	16	static
../Drivers/STM32F7xx_HAL_Driver/Inc/stm32f7xx_ll_spi.h:497:22:LL_SPI_SetClockPolarity	16	static
../Drivers/STM32F7xx_HAL_Driver/Inc/stm32f7xx_ll_spi.h:531:22:LL_SPI_SetBaudRatePrescaler	16	static
../Dev/BSupport/BSP/bsp_laser/bsp_laser.c:46:17:current_calculate	24	static
../Dev/BSupport/BSP/bsp_laser/bsp_laser.c:53:6:bsp_laser_set_spi_prescaler	16	static
../Dev/BSupport/BSP/bsp_laser/bsp_laser.c:60:6:bsp_laser_set_spi_mode	16	static
../Dev/BSupport/BSP/bsp_laser/bsp_laser.c:88:6:bsp_laser_init	16	static
../Dev/BSupport/BSP/bsp_laser/bsp_laser.c:99:6:bsp_laser_int_switch_on	16	static
../Dev/BSupport/BSP/bsp_laser/bsp_laser.c:104:6:bsp_laser_int_switch_off_all	8	static
../Dev/BSupport/BSP/bsp_laser/bsp_laser.c:108:6:bsp_laser_ext_switch_on	16	static
../Dev/BSupport/BSP/bsp_laser/bsp_laser.c:113:6:bsp_laser_ext_switch_off_all	8	static
../Dev/BSupport/BSP/bsp_laser/bsp_laser.c:122:6:bsp_laser_int_set_current	16	static
../Dev/BSupport/BSP/bsp_laser/bsp_laser.c:128:6:bsp_laser_ext_set_current	16	static
../Dev/BSupport/BSP/bsp_laser/bsp_laser.c:134:6:bsp_laser_set_current	16	static
../Dev/BSupport/BSP/bsp_laser/bsp_laser.c:141:10:bsp_laser_get_ext_current	8	static
../Dev/BSupport/BSP/bsp_laser/bsp_laser.c:146:10:bsp_laser_get_int_current	8	static
../Dev/BSupport/BSP/bsp_laser/bsp_laser.c:151:10:bsp_laser_get_sample_int_current	8	static
../Dev/BSupport/BSP/bsp_laser/bsp_laser.c:156:6:bsp_laser_adc_init	8	static
../Dev/BSupport/BSP/bsp_laser/bsp_laser.c:222:6:bsp_laser_trigger_adc	8	static
../Dev/BSupport/BSP/bsp_laser/bsp_laser.c:273:6:bsp_laser_dma_adc_current_irq	8	static
