../Drivers/STM32F7xx_HAL_Driver/Inc/stm32f7xx_ll_gpio.h:881:22:LL_GPIO_SetOutputPin	16	static
../Drivers/STM32F7xx_HAL_Driver/Inc/stm32f7xx_ll_gpio.h:910:22:LL_GPIO_ResetOutputPin	16	static
../Dev/MiddleWare/lwl/lwl.c:58:16:calculate_crc8	24	static
../Dev/MiddleWare/lwl/lwl.c:135:6:lwl_init	16	static
../Dev/MiddleWare/lwl/lwl.c:141:6:lwl_start	8	static
../Dev/MiddleWare/lwl/lwl.c:158:6:LWL	80	dynamic,ignoring_inline_asm
../Dev/MiddleWare/lwl/lwl.c:236:13:lwl_buffer_full_notify	8	static
../Dev/MiddleWare/lwl/lwl.c:241:13:lwl_clear_notification	8	static
../Dev/MiddleWare/lwl/lwl.c:259:6:lwl_reinit_buffer	16	static
../Dev/MiddleWare/lwl/lwl.c:264:12:lwl_get_full_buffer_addr	4	static
../Dev/MiddleWare/lwl/lwl.c:269:10:lwl_log_send_to_spi	8	static
