../Drivers/STM32F7xx_HAL_Driver/Inc/stm32f7xx_ll_usart.h:2640:26:LL_USART_IsActiveFlag_RXNE	16	static
../Drivers/STM32F7xx_HAL_Driver/Inc/stm32f7xx_ll_usart.h:3658:25:LL_USART_ReceiveData8	16	static
../Dev/App/shell/shell.c:82:6:shell_stdio_init	8	static
../Dev/App/shell/shell.c:91:17:shell_cli_init	48	static
../Dev/App/shell/shell.c:117:13:shell_cli_write_char	16	static
../Dev/App/shell/shell.c:120:6:shell_task_ctor	24	static
../Dev/App/shell/shell.c:130:6:shell_task_ctor_singleton	40	static
../Dev/App/shell/shell.c:144:6:shell_task_start	16	static
../Dev/App/shell/shell.c:148:6:shell_task_init	16	static
../Dev/App/shell/shell.c:163:13:shell_task_dispatch	24	static
../Dev/App/shell/shell.c:173:16:shell_state_process_handler	16	static
../Dev/App/shell/shell.c:210:6:CLI_UART_stdio_rx_callback	16	static
../Dev/App/shell/shell.c:217:6:CLI_UART_stdio_tx_callback	24	static
../Dev/App/shell/shell.c:228:6:USART6_IRQHandler	8	static
../Dev/App/shell/shell.c:235:16:shell_state_send_long_buffer_handler	24	static
../Dev/App/shell/shell.c:286:16:shell_state_send_long_buffer_binary_handler	32	static
../Dev/App/shell/shell.c:393:13:crc16_CCITT_update	24	static
../Dev/App/shell/shell.c:404:13:shell_binary	24	static
../Dev/App/shell/shell.c:414:13:shell_htoa	48	static
../Dev/App/shell/shell.c:429:6:shell_send_buffer	24	static
../Dev/App/shell/shell.c:441:6:shell_uart_send_buffer_bin_evt	16	static
../Dev/App/shell/shell.c:446:6:shell_uart_send_crc_evt	16	static
