../Dev/App/experiment/experiment_task.c:90:13:experiment_task_init	16	static
../Dev/App/experiment/experiment_task.c:119:13:experiment_task_dispatch	24	static
../Dev/App/experiment/experiment_task.c:129:6:experiment_task_ctor	24	static
../Dev/App/experiment/experiment_task.c:140:6:experiment_task_singleton_ctor	40	static
../Dev/App/experiment/experiment_task.c:152:6:experiment_task_start	16	static
../Dev/App/experiment/experiment_task.c:158:16:experiment_task_state_manual_handler	16	static
../Dev/App/experiment/experiment_task.c:193:16:experiment_task_state_data_aqui_handler	72	static
../Dev/App/experiment/experiment_task.c:288:16:experiment_task_state_send_to_shell_handler	16	static
../Dev/App/experiment/experiment_task.c:337:16:experiment_task_state_send_to_spi_handler	32	static
../Dev/App/experiment/experiment_task.c:367:10:experiment_task_get_ram_data	24	static
../Dev/App/experiment/experiment_task.c:378:10:experiment_task_data_transfer	16	static
../Dev/App/experiment/experiment_task.c:390:10:experiment_task_done_send_header_evt	16	static
../Dev/App/experiment/experiment_task.c:396:10:experiment_task_done_read_ram_evt	16	static
../Dev/App/experiment/experiment_task.c:402:10:experiment_task_done_send_chunk	16	static
../Dev/App/experiment/experiment_task.c:409:10:experiment_task_laser_set_current	24	static
../Dev/App/experiment/experiment_task.c:422:10:experiment_task_laser_get_current	24	static
../Dev/App/experiment/experiment_task.c:432:10:experiment_task_int_laser_switchon	16	static
../Dev/App/experiment/experiment_task.c:445:10:experiment_task_int_laser_switchoff	16	static
../Dev/App/experiment/experiment_task.c:457:10:experiment_task_ext_laser_switchon	16	static
../Dev/App/experiment/experiment_task.c:470:10:experiment_task_ext_laser_switchoff	16	static
../Dev/App/experiment/experiment_task.c:482:10:experiment_task_photodiode_switchon	16	static
../Dev/App/experiment/experiment_task.c:491:10:experiment_task_photodiode_switchoff	16	static
../Dev/App/experiment/experiment_task.c:499:10:experiment_task_photo_ADC_prepare_SPI	16	static
../Dev/App/experiment/experiment_task.c:505:10:experiment_task_set_pda	16	static
../Dev/App/experiment/experiment_task.c:521:10:experiment_task_set_intensity	16	static
../Dev/App/experiment/experiment_task.c:530:10:experiment_task_set_position	16	static
../Dev/App/experiment/experiment_task.c:537:10:experiment_task_set_profile	24	static
../Dev/App/experiment/experiment_task.c:551:6:experiment_task_get_profile	24	static
../Dev/App/experiment/experiment_task.c:556:10:experiment_start_measuring	24	static
../Dev/App/experiment/experiment_task.c:567:10:experiment_sample_send_to_spi	16	static
../Dev/App/experiment/experiment_task.c:578:13:experiment_update_profile	16	static
../Dev/App/experiment/experiment_task.c:598:13:experiment_validate_profile	8	static
