../Dev/App/system_log/system_log.c:36:6:system_log_task_ctor	24	static
../Dev/App/system_log/system_log.c:46:6:system_log_task_ctor_singleton	32	static
../Dev/App/system_log/system_log.c:57:13:system_log_task_init	16	static
../Dev/App/system_log/system_log.c:63:6:system_log_task_start	16	static
../Dev/App/system_log/system_log.c:67:16:system_log_normal_state_handler	16	static
../Dev/App/system_log/system_log.c:79:6:system_log_house_keeping	32	static
../Dev/App/system_log/system_log.c:91:6:system_log_set_interval	16	static
../Dev/App/system_log/system_log.c:96:6:system_log_enable	8	static
../Dev/App/system_log/system_log.c:101:6:system_log_disable	8	static
../Dev/App/system_log/system_log.c:106:6:system_log_task_set_ntc_log_mask	16	static
