../Dev/App/photodiode_cool/photodiode_cool.c:39:13:tec_ovr_control_task_init	16	static
../Dev/App/photodiode_cool/photodiode_cool.c:44:13:tec_ovr_control_task_dispatch	24	static
../Dev/App/photodiode_cool/photodiode_cool.c:55:6:tec_ovr_control_task_ctor	24	static
../Dev/App/photodiode_cool/photodiode_cool.c:65:6:tec_ovr_control_task_singleton_ctor	32	static
../Dev/App/photodiode_cool/photodiode_cool.c:77:6:tec_ovr_control_task_start	16	static
../Dev/App/photodiode_cool/photodiode_cool.c:82:16:tec_ovr_control_handler	16	static
../Dev/App/photodiode_cool/photodiode_cool.c:113:10:tec_ovr_start	8	static
../Dev/App/photodiode_cool/photodiode_cool.c:122:10:tec_ovr_stop	8	static
../Dev/App/photodiode_cool/photodiode_cool.c:130:6:tec_over_set_interval	16	static
